---
source: src/api.rs
expression: balance
---
Ok(
    [
        Coin {
            standard: "nep141",
            balance: U128(
                6103689,
            ),
            contract_account_id: Some(
                AccountId(
                    "nexp.near",
                ),
            ),
            metadata: CoinMetadata {
                name: "NEXP",
                symbol: "NEXP",
                icon: Some(
                    "data:image/png;base64,iVBORw0KGgoAAAANSUhEUgAAAQAAAAEACAYAAABccqhmAAAAGXRFWHRTb2Z0d2FyZQBBZG9iZSBJbWFnZVJlYWR5ccllPAAAA2ZpVFh0WE1MOmNvbS5hZG9iZS54bXAAAAAAADw/eHBhY2tldCBiZWdpbj0i77u/IiBpZD0iVzVNME1wQ2VoaUh6cmVTek5UY3prYzlkIj8+IDx4OnhtcG1ldGEgeG1sbnM6eD0iYWRvYmU6bnM6bWV0YS8iIHg6eG1wdGs9IkFkb2JlIFhNUCBDb3JlIDUuMy1jMDExIDY2LjE0NTY2MSwgMjAxMi8wMi8wNi0xNDo1NjoyNyAgICAgICAgIj4gPHJkZjpSREYgeG1sbnM6cmRmPSJodHRwOi8vd3d3LnczLm9yZy8xOTk5LzAyLzIyLXJkZi1zeW50YXgtbnMjIj4gPHJkZjpEZXNjcmlwdGlvbiByZGY6YWJvdXQ9IiIgeG1sbnM6eG1wTU09Imh0dHA6Ly9ucy5hZG9iZS5jb20veGFwLzEuMC9tbS8iIHhtbG5zOnN0UmVmPSJodHRwOi8vbnMuYWRvYmUuY29tL3hhcC8xLjAvc1R5cGUvUmVzb3VyY2VSZWYjIiB4bWxuczp4bXA9Imh0dHA6Ly9ucy5hZG9iZS5jb20veGFwLzEuMC8iIHhtcE1NOk9yaWdpbmFsRG9jdW1lbnRJRD0ieG1wLmRpZDpCN0Y4OTQ5NEMxQTJFQzExOTYyRDlEQzhBQzkzREZEOSIgeG1wTU06RG9jdW1lbnRJRD0ieG1wLmRpZDpCMEEzMTExNEEyQ0ExMUVDODFGN0YzNjM5NzNDOTI5MSIgeG1wTU06SW5zdGFuY2VJRD0ieG1wLmlpZDpCMEEzMTExM0EyQ0ExMUVDODFGN0YzNjM5NzNDOTI5MSIgeG1wOkNyZWF0b3JUb29sPSJBZG9iZSBQaG90b3Nob3AgQ1M2IChXaW5kb3dzKSI+IDx4bXBNTTpEZXJpdmVkRnJvbSBzdFJlZjppbnN0YW5jZUlEPSJ4bXAuaWlkOkI3Rjg5NDk0QzFBMkVDMTE5NjJEOURDOEFDOTNERkQ5IiBzdFJlZjpkb2N1bWVudElEPSJ4bXAuZGlkOkI3Rjg5NDk0QzFBMkVDMTE5NjJEOURDOEFDOTNERkQ5Ii8+IDwvcmRmOkRlc2NyaXB0aW9uPiA8L3JkZjpSREY+IDwveDp4bXBtZXRhPiA8P3hwYWNrZXQgZW5kPSJyIj8+ZGswBAAAGlFJREFUeNrsnQl4VFWWx08qe2JIAmGTNezLoIKKSyu4fqKj3Y1ru7SCrY6tPeq0COg3TSOtg+mRnlbHZVxwAVFcaLVttdUWUMFG3JCdIKssCVtCyJ6QOafeDYRQqdSrvOW+9/6/7/t/IEKq6tx7/3WXc89LGLP4KgKeJo2Vr9SZ1YGVp9ShieTvZbGS1O/Tm/2cSlYVq45Vpn6/l7WHtbuJ5L+LWBuVqtAE3iUJIfAEMlgHsQazhqrB3lupq4Wv0WgKHU38ux2sTUpiCCtZq1lrlKkAGAAwQSbrRNbJ6tcTWANYiZq+365KpzX783rWOtZ3rG9YX7K+ZpWjiWEA4DAybT+TNUr9+i8+aZdENWMRXa3+TJYXK1ifsT5VvxahC7hHAvYAHCeDdRbrPNb5asAHGVkyfKS0gFWBLgID8BvdWJconUPGJhw4GtlQ/IT1V6VtCAkMwKt0YV3KkgCfwQohJKY4yPqcNZc1j7UTIYEB6E571hVq0I8ifTfuvEa92jMQM3idjONJAAPQI4ZqsN/MugzTe0eWCW+ynlGm0ICQxA+mpfHTiTWRjPPuBaxrMfgdIU3FeoGK/UTVFgAG4AhyLv8iayurgIwzeuAOA1QbSFvMUm0DYAC2TPMvIOOo6lvW9awUhEUbpC2uU23zkWqrBIQFBtBWktRgX8b6gIyze6A356m2WqbaDsluMIC4Bv44MnLaZbo/DCHxHMNU261RbQkjgAHEFI9fsFaxnmf1Q0g8T1/VlqtU26LPwwAiMoaMyyqvsPojHL6jv2rbr1VbAxhAmCGs95Wwi+x/TmjS3kNgAMElh/UoGZtF+EYI5oxP2v4x1RdgAAFBjoduYBWy/p2wORRkpO1/o/rCDRTAo8OgGUAfMs6JXyCjZBYApPqC9ImPydg0hAH40OknkFGM4lz0d9ACclV7OeueoMwMg2AAsumzhPXfdHQhTACaI33kj6rPDIcBePuzTSajFt0I9GtgkhHKBCb7eZz49YP1JKOyzHRWMvoyiJNk1Yc+UX0KBuABriSjEu1o9F9gEdKXlqm+BQPQFCm2OZOMqjG56LPAYnJU35qp+hoMQCMGqPXaePRTYDPjVV8bCAPQg7GspYTy2sA5pK99qfoeDMDF934/GfXh2qFPAodpp/reNC+PI6++cXl81husKYTKL8A9pO/9TvXFTBiAM0i9/U/8MP0CvmGs6pNdYAD2Itc3F7NGos8BzRip+uYQGIA9nE3Gk2Ly0deApuSrPno2DMBapJSTFHrE+T7QnVzVV6+GAVjDrazZhDLcwDukqD57KwygbUxiPUl4xh7wHiHVdyfBAOJDjlceQj8CHuch1ZdhACaYpgSAH5C+fD8MIDam6OyYALShX0+BAUTnHl2dEgALkL49EQYQmV+TUYoJAD9ToPo6DKAJ15BRnx2AIPCY6vOuo0PlU6nEKs9uw1GfSfYv2EX7Zu1w/lsjO5G6TO5HyZ1S0Qjxkaj6/E4y7hAEdgYgT3CdR0jyMcXB6oO0981trgz+8OuX1tP2e9dS+felaIz4SVF9f1hQDaA76z1WNvpC7NSX1lLRYxuo7L09rr+X3Y9sDhsRiJtsNQa6B80ApKba39z84F6ktriatt+/jmpWV2jznsSIip/aGJ6VgDZ9EWYExQCkiMIc1nFo+9iR6bZMu2X6rRuVS8tox/TCsEGBuJfCc8iF4jaJ/X7leCk9SYa4FW0eOzLNLpm9Q+v3eHB/PZV/VUJJXVMppXMaGs08g1gNrIV+NgB5JPP/UbAfSx77oOJp9a5nN1H5whJPvN+G6gaqWFJKoewQpfbORAOaZxQZBW7X+3EJ0EdNc3DcF+N6X6bVMr32GnI6sXvWFuwLxDceX1ZjxVcGIBscUkEVBT1iWVOvK6OdD62nuq3eXVOXLygJn1bIqQUwRa4aKxl+MoD/JeMpvaAVJLmnuGCjlpt9ZpHTCjm1qN5SgYY1h4yVx/1iANcSntgT03rfzeQe2z4XG9nO+9cjacg849TYsZWEMYuvsvPn92V9y8pCe7aMTJOLn9ms1fm+HWRd1IHaX9YNDR47sgF0IqvQizMA2eybjcEfHR2Te2zrze/toR0Pr8fmoAnPZM0iG+/s2GkA97FORRu2jM7JPXbuC2y7dzWShmLnFDWWPLUEGE7GE1ST0X6RkfW+Dvn8biE3CtuP606Zx+EqSCwTRfVl+o0XZgAyXXkWgz8yMv2V3PkgD/5wHHjWI5eJSt7fiU7ROslqTFm+FLAjE/Bu1vVos8jr/aL/2RCI9X6sVK8qp7r91ZQ2KIsSkvCc1yh0ZUnHWaTzEkB2/Zez0tFeRyLJPbuf2hKo9b4ZUgZnUN71PVBkpJVuRMYlOstSha1cAoh9P43BfzR+Su6xC5kVSfYjkoaikq7GWIKOBjCOjPJeoMl634/JPXbuC0jSUNmSvQhGy8iDRy1LrLNqCZDDWsfqiPYx8FJyT0JqQvgmn05I0lDOxV0plIqLoxEoZvWXyWVbf5BVm4AF+PY/TPgm34OFVPdjjd5vNJRAHa7vTjmXd6XKdQfCd/q1WRIUVlLVhgOUeWIONgePRu5aS03BD3WYAQxlfUd6VBh2HUnukeMt/b/1Q9Tx1l6UflzWoeWK3N7TbcaCCsQtIplUUkmoTWnCVswAXmINQHt4o3JPuNGzk6jzb/tQ2sDDRTvkWzbr9PZ0sK4u/O2rC7I0KfvHHkrOT0OloSORL9xerFfdNIALWFOD3hJeqtyT3DmVOt/Tl5K7RR5M6UPahQebVPbRifD7SWmgtP7HYOgfZiDrC9YPbhiALMxeIyNBIdDrfa8k96T2y6DOE/pSYm70JE35ps08LSdc40+nzUFJGqrZUUHpw7KxL3AYGcBPu2EAl7HuDHLkJbmn+M8bqb5Y/6o3GSOyqdNvelMoPbaKbImZSXTMqblUtaWC6nfr8/nqtteENwfT+mWG3yMIfwFL8t1qJw1AzmbmsjoFNeqS3LPnia3aHZ9FIuvcPMob352/Nc0dqYXSEsO78A0N9VrtC4ghyewkJT+dkjtgc5CMjfinyKgq7IgB/II0esKp0+v9fW9vp9I3i/V/szxLzr2iK+WM7cK/j2/KLFNt2ReQSr9V3x/Q5qOJ8ZYvKkEFYgP5Il7LWuGEASSptX9e0KIcTu55chNVfrFf/7HPAzfv5p6UNbqDNfsHPMhSB2dQ5YoyrWY9YkpycpHa95ig7wsMU7OAg3YbgDzW+OagRdczyT0ydc9IpE539qaM49tZ+nNlup0xPFvbpKGMoVnhZUtAEaeXnIDvTX1RmEwESlDTjCFBiqxXknvC07P2ydTprvwWj/msWgbtfn6zds8sQNJQeGweZ2YvwOwM4KesO4IUUa8k9wgp3dPCZ/xJNg8AmWpnnpQbPpeXozmd9gUCnjQkewGm8gLMGoBUJekZhEh67bFcaUOOoU7/kU+JWc4djUlSjq5JQ7IvIJuXATWB2XYsAaTO3zdBiKCs94uf2OSZJ/NknpZLHcZ1d20TTOIld/l1q3eQfnIW5Y3vFcQbhSPIKMdv6QxAbvwd7/fIeSm5R8i+qBO1v7YbJSS6twMuCTlZZ+WFN+J0Sxqq+L6UZwJZQUsaksIhb1k5A5BpxVYyriD6Fknu8UzxjlACD/xjeeB10OYtybKp5N0d2hU8DWAF4hq1VC+yagZwOxmP9vbtel/L5J4WvtTlKm+n23pR5ql6PWu1MWkosUsyVX6tT65EAB9bLmehuymGAqKxGIB0w5lknDP6Dm2TeyTqEQ5zZJNPNvvSBut7Ky61e7q2SUMBqkAsM4DHrTCA0WSU+vYdXkruEZI6pVCXiX3Dx32605g0VL29Uqt9gdpNVUFJGpIv7PmszW01gAfJSC7wFZLcU/TgD564zBP+Vu0jV3n7hBN9PDMPzUwKXyaqLa4Mb8hpM+tjQzrwz33hWVRStq+fXyN7dvOiTjRb2QRsz9rG8lVWhY6P5ZIpaUNdZDNKP6Eddfy3npSQ4t3jLHkCUOkb+l2gyruzl583B6tY8jjmvfHOAMaxfuaXaOia3JOQFqKGmsiDX3b5837Vw/RVXt1oTBqqWnNAq1mXz5OGktQS4KuW/kJrveoaX633pxdql78uO/oNVREucCUQ5VzWhdr/slv4yM8PyDet5OrLsZxO+Pyx5dfEuwSQgoMbycKnkLiF1x7LJcsByeyTDD8/ggrEjiLTrXxqYTMw2hLgJjKKfnoaL1XuCXfC9ETqdEfv8A66X9G5ArFUGkrqmuqny0TyBS77eIvNGsAMVg8vf8t4pnJPY2PkJod3+lP7ZlAQ0DlpyGcViGWD4zkzSwDZOdzq1em/lx7L1Yjc35d7/F465rMKeSCo3L/QbYmWeVYOtb+yux8uE8n0VxKDfmz+P1q6IXGJVwe/rjfTsrOzKSsrixISEo7Q/v37KblXGqXcmBuu5BNEUntmhNfeu1/aqpVply8oodqiGj88tjxBjeknY50B/IX186B0wNt7jqeLu1m33VFbWxse3OEAq18bGhrCahz4h6yZ/6zs4AG6fdkk2ldXSkFGlm21RVXh30/udwf1zOxuy+ssLF5Ec3e8HfPfl2ShRO8nDMntwLGxzADkk55HIP7pfLK5zpJLOfTw0Kk0YeXUQJuATLVlNiD0GdCH+mX1seV11mdtptTkjKCFV8a0ZAYekZIZaXFzBgvPX3KYYzO60rRBkxAIYBcypn9ylOlG+IsXIlbuIN94U/tPQCCAXVwUiwGMQZzc45S8k2hi/m0IBLCDC1ozAKn8Mwxxcpezu4yiKzpfjEAAq5Gx3TmaAYxGjPTgxj7XwQSAHYyOZgBnIj76cE2vy+n4zMEIBLCSUdEM4HTERx/SEtNo6tBJMAFgJWe0ZAByMHo84qOfCUwadCflJmUjGMAK5PLPMZEM4CRqOTUYuEhuipEoBBMAFiD55iMiGcBIxEZfkCgELGRkJAMYjrjoDRKFgEWMgAF4FCQKAQsY3twA5FliAxAXb4BEIdBG+qsxf8gAhqjNAeARkCgE2oCM9UFNDQAHzR4EiUKgDQxpPgMAHgOJQqANDG1qAH0QD++aABKFQBz0aWoA/REP74JEIRAHA5oaQF/Ew9sgUQiYpG+jAeSw8NXhA5AoBEwgzwrIEQPogVj4ByQKARP0gAH4ECQKATMG0BlxsI/5Oz+l7RU7HH9dSRS6sMPZaAAQjS5iAB0QB/sor6+kB9b+iarqqxx/7Vv63oAcARCN9mIAHREHe9lYtZWmrixw3ASQKARaoSNmAA6xrHw1zVj7uOOvKyZwR79bkCMAItEBBuAgn5cupZkbZjv+upIjgEQh0JIB5CEOzvF60buumcC9/e5AA4CjDCAHcXDeBJbs/srx1x2WOxSJQqAp4USgdoiD80wtfNgVE5BEIXkcOgBMthhAGuLgngm4kSNwcbcLkCgEhFQxgFTEwT0mrJyKRCHgFmliAHgWgIvsqysNmwAShYALJIkBZCIO7psAEoWAC2SGEAM9kEQhMQHH54BIFAo0MADNTACJQgAGEGCQKAScNoAKhEE/E0CiEHCAcjGAWsRBP5AoBBygTgygGnHQ1wSQKARspEoMoApx0BckCgEbqRYD2I846AsShYCNlIoBlCEO+psAEoWADRwQAyhBHPQHiULABkpgAB4zASQKASsnl2IAxYiDd0CiELCQXWIAuxAH75kAEoWAVQawE3HwHkgUAhawUwxgB+LgXRNYX7bB8ddFopC/DGAr4uBdpqwpQKIQiJetMACP05gotK/G+cMcJAp5ni2Nx4CliIW3TaBgzSNIFAJmkAzgksZ6AD8gHt6mMVHIDRNAopAnCY/5RgMoRDz8YQJzNr/h+OsiUciTFDY1gA2Ihz9AohCIZwawCvHwlwnM3/mp46+LRCFPsbKpAaxGPPzFHzc+gUQhEI1VzWcA9YiJv0CiEGgBGetrmhpAJWsd4uI/3EwUOiP7ZDSAnhSqMX9EWfBvERf/4Wai0N0Db0eOgJ4cGuswgICYgJuJQvlpPdAIevFNJAP4EnHxL24mCv3nwN8iR0AvlkYyANkyrkNs/G0CSBQKPLIB+HUkA5AnBC1DfPyNm4lCd+bfjAZwnxWsA5EMQPgC8QmGCbiRKCQ5AkgUcp3Pm/5HcwP4FPEJBm4mCo079ko0gHt8Gs0AFiI+wcGtRKGrel2KRCH3WBjNAKRC8HLEKDggUShQyNguimYAwgeIU3BAolCg+HvzP4hkAO8jTsEzASQKBYL3YjGARdTkmAAEAyQK+R4Z04tjMYAa1seIVzBN4OkfXnT8dZEo5AgypqtjMYCIawUQDN7fMx+JQv7kw0h/2JIBvMtqQMyCiSQKvbvN+e8AJArZhozlv5oxgB9ZSxC34PL4lueRKOQflqgxHbMBCG8gbsFGEoWW71vp+OtKolD3jGPRANbxZkv/ozUDwDIg4Exf/6griUJyOgAsm/6/Ho8BbCbjSBAEmMZEITdMAFjCIjWWTRuAMAfxA2ICj65/2vEcAWAJUcdwawYwl4VWB64lCoE2UaXGcNwGsJc1D3EEjSbgRqIQiJt5agzHbQDC04gjaMStRCEQF8+09hdiMQApIIBnBoBDuJUoBEwhY3ahFQYgxwjPIZ6gKW4lCoGYmUkxHOOHYvxhL5BxSQiAQ7iVKARapUaNWbLKAKRS0KuIK2iOW4lCICoyVousNADhMcQVNAeJQlry51j/ohkDkAUfyoaDiCaARCFt+IhMPOYvZPKHFyC+IBJIFNKGGWb+slkDeIe1CjEGLZkAEoVcRXZkP7TTABowCwDRQKKQqxSQyRu8oTheRC4X/IBYg5ZAopAryBNeXjH7j+IxAHmC8AOIN4gGEoUc5wGK4+neoThfTOZ46xFzEA1JFIIJOILMyGfF8w/jNQBxmt8j7qA1Htn4DHIE7GdKPN/+bTEAQbKNliH2IBpIFLKdZdSGLN22GMBB1iTEH8RiAg+s/RNyBOxhohqLjhuAIFu9eJgoaJWNVVuRKGQ9Uuv/w7b8gJAFb+KeeNcfIGBz1fLVNGPt4wiENciNv7vb+kOsMIAVrCfQHiAWPi9dikQha5DLeYU6GIAgJwK70CYgFiRRaO5mlJpsAzLWplnxg6wygBLWZLQLiJUXtr+GHIH4kbG2XycDEJ5nfYa2AbGCRKG4mK/GGulmAHIJ4VZC6TBgAiQKmaKSdQtZ+Mi+kMVvUK4KP4R2ArGCRCFT3E8Wp+CHbHiTD7KWo62AGRNAolCrSJWfGVb/UDsMQJYA41m1aDMQK0gUiork2dxENuTbJIxZfJVdb3qKmrIAANrGVLvGUsjGN/1frCVoOwDaxJdqWU1eMwCZrlzHKkMbAhAXZWoM1XnRAATZsfw12hGAuLidLEj3ddMAhJdZKBULgDleojir/OhmAMJtrO/QpgDExDKnZs5OGUAF6zLWPrQtAFGRMXKpGjO+MQBByhZfS22oXgKAzzmoxsgGp14w5PAHfJ8susYIgA+ZpsYI+dUAGj/kO2hrAI7gHTe+HN0wALnJdDUhSQiARpaoMdEQBAMQZIPjEtaPaHsQcGQM/Iwc2vTTxQAEKWt0EasUfQAElFI1BorcegMhlwMg14blyANFREDQqFF939Wr8yENAvEJ6wZWPfoECAj1qs9/4vYbCWkSEHm0kaWljgDQlAbV11/V4c2ENArMTNZd6B/A59yl+jrBAI7mUdZ96CPAp9yn+jjBAFpmOusP6CvAZ/xB9W2CAbSOlBP7PfoM8Am/V32aYACxI2mR96LvAB9M+7W9/xLSPHjyjAGpJYAbhMBrHFR9d7rObzLkgUA+yfolIVkIeIda1Wef1P2NhjwS0DlkpEyWoG8BzZFCnv+q+izBAKzjH6wzWJvQx4Cm7GSNZn3klTcc8liAV7JOYy1FXwOaITUvTybjEV4EA7DXZc9mvYU+BzRBinmcSR683h7yaMDLySgy+gDh/gBwjwbVB8eyDnjxA4Q8HHw5Zvkd63KvBh94GulzV6g+6Nlj6pAPGmKeWnutQJ8EDrFC9bk3vf5BQj5pkDWsUwhPIAL2M0v1tTV++DAhHzWM1FQbR0ZxReQLAKuR8/3rlSr88qFCPmwoKbRwPGsh+iywCKnaeyI58Kw+GIA1bGGdQ8ZFjFr0XxAn8lhuucknCWiFfvyAIR83nuzMykWMU8ljyRlAC75Ta/1pyggIBuBNvmGNZE1mVaJfg1aoVH3lZNV3fE0oII0qDl7AOo41H30ctMB81UcK/PytH0QDaGQ961zWTazd6O9AsVv1iXNVHwkMoQA2tqRvPsfqz5pBqDMQZGpUH+iv+kTg0spDAW58yRWYwBrK+gvGQuB4S7X9BApw3kgI/SA85ZNHNF3IWoZw+J5lqq3HBm26DwOIzgesEaxr0DF8a/TXqjb+AOGAAURCcgdeYQ1m3cjagJB4no2sm1WbziEUmIUBxIAcAT3PGkjG/YJVCInnWK7abgDrWQrIsR4MwHojkBuGw1g/Zy1CSLTnY9YYMu6DvIiBDwOwamnwNhk54SPVVBJ3DPRB2mI2azjrfNbfCZWiYAA2IQVJZTOpBxkpo9gwdI/1qg2kLaQO/3cICQzAKYrISBmVNabcPHyZVY2w2E61moGdo2JfoNoCxEHCmMVXIQrW0Z4lAZVacaNYiQiJJdSzPmO9xprL2ouQwAB0pwsZBUslwKdjtmUa2XdZrAb8G2SUgwcwAE/SjfVT1iVkPNMgDSGJSBUZN/LeJWPTdRtCAgPwGxnKBM5XGhLweEiOxUdKMvgr0EWcIwkhcBzp4H9TEjqxfqIkjz2TQhTJPv3sclwnpyhfkJFTISpGl8AMABwmnXUSGaXM5Fz7BDJ2u722oSgbd+vIOJqTkmz/ZH1FqMqEGQCIigyQz5SamsIgMq6vSk57Pqu3UleX3+8OMp7YLJK8+9VqWr8agx0GAKwzhW8pcnHT9CaG0JmVx+rI6tBMqaxsMk4j2jWbUciypDGHQe7GN6j/3tNMu8ionlPUZMBjkHuY/xdgAEYrm1da1anaAAAAAElFTkSuQmCC",
                ),
                decimals: 4,
            },
        },
        Coin {
            standard: "nep141",
            balance: U128(
                5611853592,
            ),
            contract_account_id: Some(
                AccountId(
                    "utopia.secretskelliessociety.near",
                ),
            ),
            metadata: CoinMetadata {
                name: "Utopia",
                symbol: "UTO",
                icon: Some(
                    "data:image/svg+xml,%3Csvg id='Layer_1' data-name='Layer 1' xmlns='http://www.w3.org/2000/svg' viewBox='-40 -40 600 600'%3E%3Cdefs%3E%3Cstyle%3E .cls-1%7Bfill:%239f9f9f%7D.cls-2%7Bfill:%23fefefe%7D.cls-4%7Bfill:%23030303%7D %3C/style%3E%3C/defs%3E%3Cpath d='M371.65 15v23.92l-.47.71C368.82 41.48 366 41 363.36 41q-36.94.09-73.88 0h-176c-3.06 0-6.31.67-9.1-1.37l-.47-.71V15ZM55.21 355.33H31.66a2.81 2.81 0 0 1-.26-.3.82.82 0 0 1-.13-.37v-24H6.67V136.41h24.6l.69.44c2 2.64 1.38 5.75 1.39 8.67q.07 73.11 0 146.2c0 12.44.26 12.68 12.64 12.76 3 0 6-.29 8.85 1a3 3 0 0 1 1.23 1.1 12.38 12.38 0 0 1 1.18 6.17q.1 18 0 36.05c0 2.09.17 4.28-1.36 6.06ZM420.4 452.82v23.51c-3.87.66-178.64.93-195 .29v-23.8l.47-.71c2.79-2 6-1.37 9.1-1.37q75.33-.09 150.68 0c9.25 0 18.49-.06 27.74 0 2.25 0 4.6-.25 6.54 1.37ZM176.66 428H128v-23.83H79.16v-24.9l.39-.66c1.9-1.69 4.27-1.4 6.51-1.42 10.55-.08 21.09 0 31.63-.05 6.6-.05 7.89-1.5 8.12-8.1.16-4.52-.77-9.14 1.06-13.53a2.94 2.94 0 0 1 1.1-1.14 58.19 58.19 0 0 1 24.44-.12 3 3 0 0 1 1.2 1.07c1.29 2.36 1.19 4.95 1.2 7.5v30.75c.05 6.74 1.61 8.24 8.36 8.37 3.7.08 7.41-.1 11.1.23 2.23.2 3.9 1.14 4.1 3.54a107.23 107.23 0 0 1-.06 20 3.93 3.93 0 0 1-1 1.85c-.2.17-.43.31-.65.44Z'/%3E%3Cpath d='M225.4 452.82h-48.74V428c1.46-1.94 3.61-2 5.74-2.06 6.36-.1 12.72-.14 19.08.09 6.33-.23 12.67-.21 19-.07 1.93 0 4-.19 5.56 1.42 2.71 7.57 1.34 15.33 1 23-.04 1.09-.97 1.72-1.64 2.44ZM31.27 136.41V87.67h23.94l.7.45c1.36 1.51 1.34 3.39 1.35 5.22q.18 18.9 0 37.8a11.41 11.41 0 0 1-1 5 3.12 3.12 0 0 1-1.12 1.24c-7.1 2.15-14.32 1.17-21.51.74-1.03-.12-1.63-1.04-2.36-1.71Z'/%3E%3Cpath d='M55.21 87.67v-24.8h23.95l.69.44a3.53 3.53 0 0 1 1 1.84c.36 7.46 1.36 14.94-.69 22.33A3 3 0 0 1 79 88.65c-7.08 2-14.25 1.13-21.4.67-1.07-.06-1.67-.99-2.39-1.65ZM469.14 404.07V428h-24.8l-.71-.47a5.34 5.34 0 0 1-1.24-3.54q-.37-8.07 0-16.15a7 7 0 0 1 1.61-4.3 8.54 8.54 0 0 1 5.24-1.52c5-.13 10-.14 15 0 1.86.09 3.65.41 4.9 2.05Z'/%3E%3Cpath d='M79.16 62.87V38.92H104c.79.8 1.71 1.56 1.76 2.78.29 7 1.2 14-.69 20.86a3 3 0 0 1-1.13 1.23C96.52 66 89 64.92 81.56 64.53c-1.07-.06-1.68-1-2.4-1.66ZM444.34 428v24.8H420.4c-.67-.72-1.62-1.34-1.66-2.38-.33-7.7-1.67-15.44 1-23 1.15-1.33 2.78-1.33 4.32-1.4 5.11-.22 10.23-.18 15.35 0 1.9.03 3.68.36 4.93 1.98ZM79.16 379.27H55.21v-23.94c.52-.48.95-1.21 1.63-1.34a70.78 70.78 0 0 1 21.55-.16c1.55.19 2.36 1.57 2.5 3.09a109.82 109.82 0 0 1 0 19.53 4.76 4.76 0 0 1-1.73 2.82ZM444.34 111.61h24.8v73.54c-1.36 1.8-3.33 2-5.35 2-5 .13-9.94.18-14.9 0-5.5-.2-6.49-1.05-6.55-6.57-.18-14.62-.28-29.24.06-43.86-.24-6.35-.22-12.7-.12-19.06 0-2-.09-4 1.36-5.63ZM395.59 62.87h24.81v24.8c-.15.23-.3.46-.44.69a3.62 3.62 0 0 1-1.84 1c-7.43.4-14.88 1.3-22.25-.61a3 3 0 0 1-1.2-1.1c-1.72-8.12-2.21-16.24.23-24.32Z'/%3E%3Cpath d='M420.4 87.67h23.94v23.94c-.79.79-1.55 1.71-2.77 1.76-7 .29-14 1.2-20.87-.69a3.11 3.11 0 0 1-1.23-1.13c-2.14-7.1-1.16-14.3-.74-21.49.07-1.06 1-1.67 1.67-2.39ZM371.65 38.92h23.94v23.95c-.79.79-1.55 1.7-2.77 1.75-7 .3-14 1.2-20.87-.68a3.18 3.18 0 0 1-1.23-1.13c-2.13-7.1-1.16-14.31-.73-21.49.06-1.07 1.01-1.67 1.66-2.4Z'/%3E%3Cpath class='cls-1' d='M371.65 38.92v23.95c-.9 1.57-2.44 1.81-4 2-1.85.17-3.7.15-5.55.15q-124.27 0-248.55-.06c-3.25 0-6.93 1.15-9.57-2.05V38.92Z'/%3E%3Cpath class='cls-2' d='M104 62.87h267.65c1.92 1.47 2 3.6 2.07 5.74.1 3.68-.12 7.36.14 11 .28 4.05 1.77 5.54 5.81 5.83 3.53.25 7.07 0 10.6.14 2 .07 4 .3 5.32 2.07 1.93 1.47 2 3.6 2.08 5.74.11 3.53-.09 7.07.15 10.6.23 3.35 2 5.16 5.38 5.38 3.82.24 7.64 0 11.45.15 2.15.06 4.28.15 5.75 2.07 1.92 1.47 2 3.6 2.07 5.75.1 3.67-.12 7.35.13 11 .28 4 1.78 5.54 5.82 5.83 3.53.25 7.07 0 10.6.14 2 .06 4 .29 5.32 2.06v48.74h24.8v72.69c-1.25 1.62-3 2-4.92 2-3 .11-6 .06-9 .08-7.41.08-8.77 1.36-8.79 8.67-.05 14.34 0 28.68 0 43 0 3.27-.09 6.54 0 9.8.21 5.2 1.79 6.74 7.07 6.93 3.4.12 6.81 0 10.22.09 2 .06 4 .29 5.35 2.06v24.8c-1.45 1.93-3.59 2-5.71 2.05-6.32.1-12.64.16-19-.11-8 .24-16 .29-24 0-6.61.26-13.22.21-19.84.11a11 11 0 0 1-4.52-.85 3.53 3.53 0 0 1-1.28-.81c-1.44-2.28-1.36-4.85-1.38-7.4 0-3.11.09-6.23-.06-9.34-.22-4.62-1.65-6.06-6.2-6.29a67.32 67.32 0 0 0-7.65 0c-4.07.28-5.5 1.71-5.74 5.85-.22 3.68 0 7.37-.11 11.05-.06 2.4-.11 4.83-1.82 6.81-4.08 1.73-8.36.85-12.56 1s-8.19.09-12.28-.15c-6.36.26-12.72.22-19.08.12a11 11 0 0 1-4.54-.85 3.47 3.47 0 0 1-1.28-.82c-1.36-2.15-1.35-4.57-1.37-7 0-3.26.09-6.53-.07-9.79-.22-4.59-1.67-6-6.26-6.25-2.4-.12-4.82-.09-7.23 0-5.4.14-6.83 1.53-7 6.83-.11 3.54 0 7.09-.08 10.63-.07 2.27-.19 4.55-1.89 6.36-2.12 1.1-4.43.92-6.69.92q-29.41.09-58.84 0c-2.41 0-4.85.08-7.08-1.09-2.15-1.51-2.23-3.84-2.31-6.12-.14-3.56 0-7.12-.09-10.68-.17-5.33-1.6-6.72-7-6.86-2.13-.06-4.27-.09-6.41 0-4.58.25-6 1.68-6.19 6.35-.18 5.55.05 11.11-.27 16.67.34 6.24.22 12.48.14 18.72a11 11 0 0 1-1 4.55 2.94 2.94 0 0 1-1 1.19c-7.82 2.28-15.77 1.2-23.67.74-2.42-.14-2.95-2.34-3.11-4.45-.3-4 0-8-.22-11.93-.23-5.19-1.87-6.82-7-7-3.12-.14-6.25 0-9.38-.11-2-.07-4-.27-5.36-2.05-1.78-1.35-2-3.28-2.07-5.32-.09-3.82.1-7.65-.12-11.46-.24-4.14-1.67-5.57-5.75-5.83a69.87 69.87 0 0 0-8.92 0c-4.09.26-5.51 1.69-5.75 5.83-.23 3.81 0 7.64-.12 11.46 0 2-.29 4-2.07 5.32-.52.48-1 1.22-1.62 1.35a70.79 70.79 0 0 1-21.6.17c-2.15-.26-2.53-2.44-2.67-4.35-.32-4.26 0-8.53-.23-12.78-.22-5.2-1.85-6.83-7-7-4.26-.17-8.52 0-12.78-.2-3.1-.17-4.62-1.69-4.78-4.79-.22-4 0-8-.21-11.93-.23-5.18-1.86-6.8-7-7-3.12-.14-6.25 0-9.38-.11-2-.07-4-.28-5.36-2.05a5.39 5.39 0 0 1-2-4.1c-.09-1.71-.14-3.41-.14-5.12V145.58c0-3.16-.87-6.66 2.07-9.22 1.37-1.78 3.35-2 5.37-2 3.14-.11 6.27 0 9.4-.11 5.22-.22 6.91-1.8 7-7 .18-10.54 0-21.07.1-31.61 0-2.78-.52-5.79 2.08-7.93 1.47-1.93 3.6-2 5.74-2.08 3.68-.1 7.36.13 11-.13 4-.29 5.54-1.78 5.82-5.83.26-3.66 0-7.34.14-11 .15-2.2.21-4.33 2.21-5.8ZM469.14 404.07h-24.8l-.71-.47a5.84 5.84 0 0 1-1.28-3.92c-.19-5.76-.23-11.51 0-17.26.07-1.4.18-2.84 1.39-3.84 7.57-2.59 15.3-1.31 23-1 1 0 1.66 1 2.37 1.65Z'/%3E%3Cpath class='cls-1' d='M469.14 379.27h-24.8c-1.66-.8-1.87-2.36-1.95-3.92-.26-5.33-.25-10.66 0-16a5.23 5.23 0 0 1 1.95-4h24.8Z'/%3E%3Cpath d='M469.14 330.53h-24.36c-.65-3.68-.88-58.4-.29-72.69h24.65Z'/%3E%3Cpath class='cls-1' d='M55.21 136.41v170.18H31.72a2.76 2.76 0 0 1-.3-.29.64.64 0 0 1-.15-.36V136.41Z'/%3E%3Cpath d='M55.21 306.59H78.7a1.67 1.67 0 0 1 .31.28.73.73 0 0 1 .14.36v23.15h24.21a4.48 4.48 0 0 1 .45.45.8.8 0 0 1 .14.36v24.14h24v23.94H79.16v-23.94H55.21Z' fill='%23a1a1a1'/%3E%3Cpath class='cls-1' d='M420.4 428v24.8h-195V428c.7-1.53 2.11-1.78 3.55-1.94a48.57 48.57 0 0 1 5.12-.17h177.66c2.95.11 6.36-.98 8.67 2.11ZM152.71 355.33h23.49a1.72 1.72 0 0 1 .31.29.7.7 0 0 1 .14.36v23.29h24.8c2 1.24 2 3.31 2 5.26q.24 19.08 0 38.16c0 2-.25 4-2 5.33h-24.8v-23.5a1.7 1.7 0 0 0-.3-.3.62.62 0 0 0-.36-.14h-23.28Z'/%3E%3Cpath class='cls-1' d='M127.91 355.33V331a1.64 1.64 0 0 1 .29-.3.62.62 0 0 1 .36-.14h24.15v24.8Z'/%3E%3Cpath class='cls-2' d='M201.46 428v-48.73c1.48-1.95 3.64-2 5.79-2 6-.09 11.95-.17 17.92.12 7-.27 14-.31 20.93-.08 5.06.17 5.88 1.07 6.13 6.13.21 4-.06 8 .17 12 .27 4.69 1.92 6.25 6.65 6.56 11.72.77 13-.4 13-12.27 0-12.46 0-12.47 12.37-12.48h30.76c2.41 0 4.86-.13 7.15.88a3.53 3.53 0 0 1 1.27.77c2.32 4.12 1.32 8.63 1.39 13 .15 9.66.55 10.16 10.16 10.16h.85c7.68 0 8.7-1 8.75-8.55v-8.54a11.49 11.49 0 0 1 1.24-5.78 3 3 0 0 1 1.23-1 13.24 13.24 0 0 1 5.42-.92c14.31 0 28.63-.21 42.94.11 6.25-.24 12.51-.16 18.76-.12a14.32 14.32 0 0 1 6.23 1.14c1.93 1.13 1.76 3.1 1.84 4.9.2 4 0 7.93.14 11.88.2 5 1.73 6.58 6.68 6.8 3.26.15 6.51 0 9.77.1 2 .07 4 .29 5.33 2.06V428H201.46Z'/%3E%3Cpath class='cls-1' d='M79.16 87.67v48.74H55.21V87.67ZM104 62.87v24.8H79.16v-24.8ZM444.34 136.41H420.4v-24.8h23.94ZM395.59 87.67h-23.94v-24.8h23.94ZM420.4 111.61h-24.81V87.67h24.81Z'/%3E%3Cpath d='M322.9 379.27h-48.27a2.07 2.07 0 0 0-.31.27.68.68 0 0 0-.16.36v24h-23.67c.06.06-.06 0-.14-.14a.7.7 0 0 1-.14-.36v-24.15H225.4c-.46-.52-1.24-.92-1.33-1.59-.92-7.32-1.93-14.66.63-21.89l.7-.46h72.7c4-3.06 20.75-3.06 24.8 0 3.1 4.03 3.1 20.08 0 23.96ZM274.15 257.84H225.4V209.1c1.37-1.8 3.35-2 5.37-2q19-.19 38 0c2 0 4 .24 5.37 2 1.8 1.36 2 3.34 2 5.37q.19 19 0 38c.03 2.03-.14 4.01-1.99 5.37ZM395.59 257.84h-48.74V209.1c1.36-1.8 3.34-2 5.36-2q19-.19 38 0c2 0 4 .24 5.37 2 1.81 1.36 2 3.34 2 5.37q.21 19 0 38c.03 2.03-.18 4.01-1.99 5.37Z'/%3E%3Cpath class='cls-1' d='M395.59 257.84V209.1H420c.64 3.58.85 35.66.29 48.74Z'/%3E%3Cpath d='M444.34 404.07H420.4v-24.8c-3-4-3-19.92 0-23.94h23.94v48.74ZM395.59 379.27h-48.74c-.36-.45 0 .24-.35-.23-2.73-3.92-2.49-20 .35-23.71h24.8c4-3 19.93-3 23.94 0 3.04 4.02 3.04 19.93 0 23.94Z'/%3E%3Cpath class='cls-1' d='M274.15 209.1H225.4v-23.5c3.58-.64 35.65-.85 48.75-.3ZM395.59 209.1h-48.74v-23.5c3.58-.64 35.65-.85 48.74-.3ZM274.15 257.84V209.1h23.5c.64 3.58.85 35.65.3 48.74ZM322.9 355.33h-24.8V331a1.64 1.64 0 0 1 .29-.3.62.62 0 0 1 .36-.14h24.15ZM395.59 355.33h-23.94V331a1.64 1.64 0 0 1 .29-.3.62.62 0 0 1 .36-.14h23.29Z'/%3E%3Cpath d='M201.46 355.33V331a1.64 1.64 0 0 1 .29-.3.62.62 0 0 1 .36-.14h23.29v24.8c-4.01 3-19.93 3-23.94-.03Z'/%3E%3Cpath class='cls-1' d='M127.78 136.53v23.73h-23.64v-23.73ZM346.85 355.33v23.94c-4 3-19.93 3-24 0v-23.94ZM152.83 111.49V87.76h23.64v23.73Z'/%3E%3Cpath d='M322.9 379.27h24v24.35a2.07 2.07 0 0 1-.29.3.67.67 0 0 1-.37.15H322.9Z'/%3E%3Cpath class='cls-1' d='M127.79 136.27V111.7h24.91v24.57ZM201.45 379.25v-23.91h23.94v23.91ZM395.57 379.25v-23.91h24.86v23.91Z'/%3E%3Cpath class='cls-4' d='M469.17 404.08v-73.61h23.92v73.61ZM469.17 257.76v-72.61h23.92v72.61Z'/%3E%3C/svg%3E%0A",
                ),
                decimals: 8,
            },
        },
    ],
)
