---
source: src/rpc_api.rs
expression: metadata
---
Err(
    Error {
        code: 500,
        message: "Contract Error: The contract did not provide NFT Metadata which is a required part of NFT NEP 171",
        retriable: true,
    },
)
