---
source: src/rpc_calls.rs
expression: metadata
---
Err(
    Error {
        code: 400,
        message: "Invalid Input: The account `usn` does not implement the desired contract at block 68000000",
        retriable: false,
    },
)
