---
source: src/api.rs
expression: balance
---
Err(
    Error {
        code: 400,
        message: "Invalid Input: The account `comic.paras.near` does not implement the desired contract at block 68000000",
        retriable: false,
    },
)
